<?xml version="1.0" encoding="UTF-8"?>
<TestRun id="d750b3c7-8a65-4fd7-99d9-ccac8ce0a797" name="occ@LTOCC02 2012-06-21 09:59:17" runUser="TRIVADIS\occ" xmlns="http://microsoft.com/schemas/VisualStudio/TeamTest/2010">
  <TestSettings name="Local" id="724721d2-f82d-4ec4-a0cf-60fd156ab3b3">
    <Description>These are default test settings for a local test run.</Description>
    <Deployment enabled="false" runDeploymentRoot="occ_LTOCC02 2012-06-21 09_59_17">
      <DeploymentItem filename="C:\_HFU\ASP\_Demos\270-Testing\TestDriven.Calculator\TestDriven.Calculator\bin\Debug\TestDriven.Calculator.dll" />
      <DeploymentItem filename="C:\_HFU\ASP\_Demos\270-Testing\TestDriven.Calculator\TestDriven.Calculator.Core\bin\Debug\TestDriven.Calculator.Core.dll" />
    </Deployment>
    <Execution>
      <TestTypeSpecific />
      <AgentRule name="Execution Agents">
      </AgentRule>
    </Execution>
  </TestSettings>
  <Times creation="2012-06-21T09:59:17.2917011+02:00" queuing="2012-06-21T09:59:17.3947011+02:00" start="2012-06-21T09:59:17.3987011+02:00" finish="2012-06-21T09:59:18.0737011+02:00" />
  <ResultSummary outcome="Failed">
    <Counters total="4" executed="4" passed="2" error="0" failed="2" timeout="0" aborted="0" inconclusive="0" passedButRunAborted="0" notRunnable="0" notExecuted="0" disconnected="0" warning="0" completed="0" inProgress="0" pending="0" />
  </ResultSummary>
  <TestDefinitions>
    <UnitTest name="ClearTest" storage="c:\_hfu\asp\_demos\270-testing\testdriven.calculator\testproject1\bin\debug\testproject1.dll" id="4af2ec59-2c8b-14a2-6ed8-28fe73c0773b">
      <Execution id="bbc72c30-370c-4708-8ae5-9362f1a4812c" />
      <TestMethod codeBase="C:/_HFU/ASP/_Demos/270-Testing/TestDriven.Calculator/TestProject1/bin/Debug/TestProject1.DLL" adapterTypeName="Microsoft.VisualStudio.TestTools.TestTypes.Unit.UnitTestAdapter, Microsoft.VisualStudio.QualityTools.Tips.UnitTest.Adapter, Version=10.0.0.0, Culture=neutral, PublicKeyToken=b03f5f7f11d50a3a" className="TestProject1.CalculatorTest, TestProject1, Version=1.0.0.0, Culture=neutral, PublicKeyToken=null" name="ClearTest" />
    </UnitTest>
    <UnitTest name="CalculatorSubtractionTest" storage="c:\_hfu\asp\_demos\270-testing\testdriven.calculator\testproject1\bin\debug\testproject1.dll" id="f5f57668-1cfb-44c3-8a20-29d5bb10f004">
      <Execution id="6a4b4f0c-778d-41e6-8464-19e624509293" />
      <TestMethod codeBase="C:/_HFU/ASP/_Demos/270-Testing/TestDriven.Calculator/TestProject1/bin/Debug/TestProject1.DLL" adapterTypeName="Microsoft.VisualStudio.TestTools.TestTypes.Unit.UnitTestAdapter, Microsoft.VisualStudio.QualityTools.Tips.UnitTest.Adapter, Version=10.0.0.0, Culture=neutral, PublicKeyToken=b03f5f7f11d50a3a" className="TestProject1.CalculatorTest, TestProject1, Version=1.0.0.0, Culture=neutral, PublicKeyToken=null" name="CalculatorSubtractionTest" />
    </UnitTest>
    <UnitTest name="CalculatorAdditionTest" storage="c:\_hfu\asp\_demos\270-testing\testdriven.calculator\testproject1\bin\debug\testproject1.dll" id="93aeff83-719d-1073-3b95-44aefb56c5ce">
      <Execution id="038bbef1-94c4-4da4-9cc4-36188213b4d0" />
      <TestMethod codeBase="C:/_HFU/ASP/_Demos/270-Testing/TestDriven.Calculator/TestProject1/bin/Debug/TestProject1.DLL" adapterTypeName="Microsoft.VisualStudio.TestTools.TestTypes.Unit.UnitTestAdapter, Microsoft.VisualStudio.QualityTools.Tips.UnitTest.Adapter, Version=10.0.0.0, Culture=neutral, PublicKeyToken=b03f5f7f11d50a3a" className="TestProject1.CalculatorTest, TestProject1, Version=1.0.0.0, Culture=neutral, PublicKeyToken=null" name="CalculatorAdditionTest" />
    </UnitTest>
    <UnitTest name="CalculatorConstructorTest" storage="c:\_hfu\asp\_demos\270-testing\testdriven.calculator\testproject1\bin\debug\testproject1.dll" id="91666d06-9d44-96d1-460c-6e40fbf20583">
      <Execution id="3cc3ce29-9dd7-4215-8cb3-16000b9ef8a1" />
      <TestMethod codeBase="C:/_HFU/ASP/_Demos/270-Testing/TestDriven.Calculator/TestProject1/bin/Debug/TestProject1.DLL" adapterTypeName="Microsoft.VisualStudio.TestTools.TestTypes.Unit.UnitTestAdapter, Microsoft.VisualStudio.QualityTools.Tips.UnitTest.Adapter, Version=10.0.0.0, Culture=neutral, PublicKeyToken=b03f5f7f11d50a3a" className="TestProject1.CalculatorTest, TestProject1, Version=1.0.0.0, Culture=neutral, PublicKeyToken=null" name="CalculatorConstructorTest" />
    </UnitTest>
  </TestDefinitions>
  <TestLists>
    <TestList name="Results Not in a List" id="8c84fa94-04c1-424b-9868-57a2d4851a1d" />
    <TestList name="All Loaded Results" id="19431567-8539-422a-85d7-44ee4e166bda" />
  </TestLists>
  <TestEntries>
    <TestEntry testId="4af2ec59-2c8b-14a2-6ed8-28fe73c0773b" executionId="bbc72c30-370c-4708-8ae5-9362f1a4812c" testListId="8c84fa94-04c1-424b-9868-57a2d4851a1d" />
    <TestEntry testId="91666d06-9d44-96d1-460c-6e40fbf20583" executionId="3cc3ce29-9dd7-4215-8cb3-16000b9ef8a1" testListId="8c84fa94-04c1-424b-9868-57a2d4851a1d" />
    <TestEntry testId="93aeff83-719d-1073-3b95-44aefb56c5ce" executionId="038bbef1-94c4-4da4-9cc4-36188213b4d0" testListId="8c84fa94-04c1-424b-9868-57a2d4851a1d" />
    <TestEntry testId="f5f57668-1cfb-44c3-8a20-29d5bb10f004" executionId="6a4b4f0c-778d-41e6-8464-19e624509293" testListId="8c84fa94-04c1-424b-9868-57a2d4851a1d" />
  </TestEntries>
  <Results>
    <UnitTestResult executionId="bbc72c30-370c-4708-8ae5-9362f1a4812c" testId="4af2ec59-2c8b-14a2-6ed8-28fe73c0773b" testName="ClearTest" computerName="LTOCC02" duration="00:00:00.0126331" startTime="2012-06-21T09:59:17.4017011+02:00" endTime="2012-06-21T09:59:17.5517011+02:00" testType="13cdc9d9-ddb5-4fa4-a97d-d965ccfc6d4b" outcome="Passed" testListId="8c84fa94-04c1-424b-9868-57a2d4851a1d" relativeResultsDirectory="bbc72c30-370c-4708-8ae5-9362f1a4812c">
    </UnitTestResult>
    <UnitTestResult executionId="3cc3ce29-9dd7-4215-8cb3-16000b9ef8a1" testId="91666d06-9d44-96d1-460c-6e40fbf20583" testName="CalculatorConstructorTest" computerName="LTOCC02" duration="00:00:00.0001973" startTime="2012-06-21T09:59:17.5557011+02:00" endTime="2012-06-21T09:59:17.5577011+02:00" testType="13cdc9d9-ddb5-4fa4-a97d-d965ccfc6d4b" outcome="Passed" testListId="8c84fa94-04c1-424b-9868-57a2d4851a1d" relativeResultsDirectory="3cc3ce29-9dd7-4215-8cb3-16000b9ef8a1">
    </UnitTestResult>
    <UnitTestResult executionId="038bbef1-94c4-4da4-9cc4-36188213b4d0" testId="93aeff83-719d-1073-3b95-44aefb56c5ce" testName="CalculatorAdditionTest" computerName="LTOCC02" duration="00:00:00.0490082" startTime="2012-06-21T09:59:17.5607011+02:00" endTime="2012-06-21T09:59:17.6257011+02:00" testType="13cdc9d9-ddb5-4fa4-a97d-d965ccfc6d4b" outcome="Failed" testListId="8c84fa94-04c1-424b-9868-57a2d4851a1d" relativeResultsDirectory="038bbef1-94c4-4da4-9cc4-36188213b4d0">
      <Output>
        <ErrorInfo>
          <Message>Assert.AreEqual failed. Expected:&lt;1&gt;. Actual:&lt;4711&gt;. 0 + 1 should be 1</Message>
          <StackTrace>   at TestProject1.CalculatorTest.CalculatorAdditionTest() in C:\_HFU\ASP\_Demos\270-Testing\TestDriven.Calculator\TestProject1\CalculatorTest.cs:line 49
</StackTrace>
        </ErrorInfo>
      </Output>
    </UnitTestResult>
    <UnitTestResult executionId="6a4b4f0c-778d-41e6-8464-19e624509293" testId="f5f57668-1cfb-44c3-8a20-29d5bb10f004" testName="CalculatorSubtractionTest" computerName="LTOCC02" duration="00:00:00.0015028" startTime="2012-06-21T09:59:17.6277011+02:00" endTime="2012-06-21T09:59:17.6317011+02:00" testType="13cdc9d9-ddb5-4fa4-a97d-d965ccfc6d4b" outcome="Failed" testListId="8c84fa94-04c1-424b-9868-57a2d4851a1d" relativeResultsDirectory="6a4b4f0c-778d-41e6-8464-19e624509293">
      <Output>
        <ErrorInfo>
          <Message>Assert.AreEqual failed. Expected:&lt;-1&gt;. Actual:&lt;4711&gt;. 0 - 1 should be -1</Message>
          <StackTrace>   at TestProject1.CalculatorTest.CalculatorSubtractionTest() in C:\_HFU\ASP\_Demos\270-Testing\TestDriven.Calculator\TestProject1\CalculatorTest.cs:line 68
</StackTrace>
        </ErrorInfo>
      </Output>
    </UnitTestResult>
  </Results>
</TestRun>